// Jest Snapshot v1, https://goo.gl/fbAQLP

exports[`<Item /> renders correctly 1`] = `
<View
  accessible={true}
  collapsable={false}
  focusable={false}
  onClick={[Function]}
  onResponderGrant={[Function]}
  onResponderMove={[Function]}
  onResponderRelease={[Function]}
  onResponderTerminate={[Function]}
  onResponderTerminationRequest={[Function]}
  onStartShouldSetResponder={[Function]}
  style={
    {
      "alignItems": "center",
      "backgroundColor": "#ffffff",
      "borderRadius": 24,
      "flexDirection": "row",
      "justifyContent": "space-between",
      "margin": 8,
      "opacity": 1,
      "padding": 16,
    }
  }
  testID="button1"
>
  <View
    style={
      {
        "backgroundColor": "#0145a6",
        "borderRadius": 10,
        "height": 20,
        "width": 20,
      }
    }
  />
  <Text
    style={
      [
        {
          "color": "#787878",
          "fontSize": 16,
          "fontWeight": "400",
          "margin": 0,
          "textAlign": "left",
        },
        {
          "marginLeft": 8,
          "width": 450,
        },
      ]
    }
  >
    Hellow
  </Text>
  <View
    accessible={true}
    collapsable={false}
    focusable={false}
    onClick={[Function]}
    onResponderGrant={[Function]}
    onResponderMove={[Function]}
    onResponderRelease={[Function]}
    onResponderTerminate={[Function]}
    onResponderTerminationRequest={[Function]}
    onStartShouldSetResponder={[Function]}
    style={
      {
        "opacity": 1,
        "padding": 8,
        "width": 80,
        "zIndex": 99999,
      }
    }
    testID="button2"
  >
    <Text
      style={
        [
          {
            "color": "#787878",
            "fontSize": 14,
            "fontWeight": "400",
            "margin": 0,
            "textAlign": "center",
          },
          {},
        ]
      }
    >
      REMOVE
    </Text>
  </View>
</View>
`;
